<html>
<body>
<pre>
<h1>µVision Build Log</h1>
<h2>Tool Versions:</h2>
IDE-Version: µVision V5.39.0.0
Copyright (C) 2023 ARM Ltd and ARM Germany GmbH. All rights reserved.
License Information: Fatih Safa Özgür, csb, LIC=----
 
Tool Versions:
Toolchain:       MDK-Lite  Version: 5.39.0.0
Toolchain Path:  C:\Keil_v5\ARM\ARMCLANG\Bin
C Compiler:      ArmClang.exe V6.21
Assembler:       Armasm.exe V6.21
Linker/Locator:  ArmLink.exe V6.21
Library Manager: ArmAr.exe V6.21
Hex Converter:   FromElf.exe V6.21
CPU DLL:         SARMCM3.DLL V5.39.0.0
Dialog DLL:      DCM.DLL V1.17.5.0
Target DLL:      UL2CM3.DLL V1.164.9.0
Dialog DLL:      TCM.DLL V1.56.4.0
 
<h2>Project:</h2>
D:\samsung laptop\Projects\Embedded\Keil Projects\2_Timer_With_Library\timer.uvprojx
Project File Date:  02/04/2024

<h2>Output:</h2>
*** Using Compiler 'V6.21', folder: 'C:\Keil_v5\ARM\ARMCLANG\Bin'
Build target 'Target 1'
assembling startup_stm32f407xx.s...
compiling stm32f4xx_syscfg.c...
compiling main.c...
compiling misc.c...
RTE/Device/STM32F407VG/system_stm32f4xx.c(562): warning: while loop has empty body [-Wempty-body]
  562 |     while ((RCC->CFGR & (uint32_t)RCC_CFGR_SWS ) != RCC_CFGR_SWS_PLL);
      |                                                                      ^
RTE/Device/STM32F407VG/system_stm32f4xx.c(562): note: put the semicolon on a separate line to silence this warning
1 warning generated.
compiling system_stm32f4xx.c...
compiling bsp.c...
compiling stm32f4xx_gpio.c...
compiling stm32f4xx_rcc.c...
compiling stm32f4xx_tim.c...
linking...
Program Size: Code=1328 RO-data=408 RW-data=0 ZI-data=1632  
FromELF: creating hex file...
".\Objects\timer.axf" - 0 Error(s), 1 Warning(s).

<h2>Software Packages used:</h2>

Package Vendor: ARM
                https://www.keil.com/pack/ARM.CMSIS.6.0.0.pack
                ARM::CMSIS@6.0.0
                CMSIS (Common Microcontroller Software Interface Standard)
   * Component: CORE Version: 6.0.0

Package Vendor: Keil
                http://www.keil.com/pack/Keil.STM32F4xx_DFP.2.3.0.pack
                Keil::STM32F4xx_DFP@2.3.0
                STMicroelectronics STM32F4 Series Device Support, Drivers and Examples
   * Component: Startup Version: 2.1.0

<h2>Collection of Component include folders:</h2>
  ./RTE/_Target_1
  C:/Users/iclal/AppData/Local/Arm/Packs/ARM/CMSIS/6.0.0/CMSIS/Core/Include
  C:/Users/iclal/AppData/Local/Arm/Packs/Keil/STM32F4xx_DFP/2.3.0/Drivers/CMSIS/Device/ST/STM32F4xx/Include

<h2>Collection of Component Files used:</h2>

   * Component: ARM::CMSIS:CORE@6.0.0

   * Component: Keil::Device:Startup@2.1.0
      Source file:   MDK/Device/Source/ARM/STM32F4xx_OTP.s
      Include file:  Drivers/CMSIS/Device/ST/STM32F4xx/Include/stm32f4xx.h
      Source file:   MDK/Device/Source/ARM/STM32F40xxx_41xxx_OPT.s
      Source file:   Drivers/CMSIS/Device/ST/STM32F4xx/Source/Templates/arm/startup_stm32f407xx.s
      Source file:   MDK/Device/Source/ARM/system_stm32f4xx.c
Build Time Elapsed:  00:00:01
</pre>
</body>
</html>
